[0:20:14.725268461] [2375] [1;32m INFO [1;37mCamera [1;34mcamera_manager.cpp:330 [0mlibcamera v0.5.2+102-160625a1
[0:20:14.736628572] [2376] [1;32m INFO [1;37mRPI [1;34mpisp.cpp:720 [0mlibpisp version v1.2.1 981977ff21f3 25-09-2026 (18:17:24)
[0:20:14.740556662] [2376] [1;32m INFO [1;37mIPAProxy [1;34mipa_proxy.cpp:180 [0mUsing tuning file /usr/local/share/libcamera/ipa/rpi/pisp/fr_imx900.json
[0:20:14.753915327] [2376] [1;32m INFO [1;37mCamera [1;34mcamera_manager.cpp:220 [0mAdding camera '/base/axi/pcie@1000120000/rp1/i2c@88000/imx900@1a' for pipeline handler rpi/pisp
[0:20:14.753951826] [2376] [1;32m INFO [1;37mRPI [1;34mpisp.cpp:1179 [0mRegistered camera /base/axi/pcie@1000120000/rp1/i2c@88000/imx900@1a to CFE device /dev/media0 and ISP device /dev/media2 using PiSP variant BCM2712_D0
[0:20:14.753997732] [2376] [1;32m INFO [1;37mRPI [1;34mpisp.cpp:720 [0mlibpisp version v1.2.1 981977ff21f3 25-09-2026 (18:17:24)
[0:20:14.755519240] [2376] [1;32m INFO [1;37mIPAProxy [1;34mipa_proxy.cpp:180 [0mUsing tuning file /usr/local/share/libcamera/ipa/rpi/pisp/fr_imx900.json
[0:20:14.768896738] [2376] [1;32m INFO [1;37mCamera [1;34mcamera_manager.cpp:220 [0mAdding camera '/base/axi/pcie@1000120000/rp1/i2c@70000/imx900@1a' for pipeline handler rpi/pisp
[0:20:14.768930922] [2376] [1;32m INFO [1;37mRPI [1;34mpisp.cpp:1179 [0mRegistered camera /base/axi/pcie@1000120000/rp1/i2c@70000/imx900@1a to CFE device /dev/media1 and ISP device /dev/media4 using PiSP variant BCM2712_D0
[0:20:14.769688074] [2375] [1;32m INFO [1;37mCamera [1;34mcamera.cpp:1215 [0mconfiguring streams: (0) 2064x1552-YUV420/Rec709
[0:20:14.769801239] [2376] [1;32m INFO [1;37mRPI [1;34mpisp.cpp:1483 [0mSensor: /base/axi/pcie@1000120000/rp1/i2c@88000/imx900@1a - Selected sensor format: 2064x1552-SRGGB10_1X10/RAW - Selected CFE format: 2064x1552-PC1R/RAW
[0:20:14.770619963] [2375] [1;32m INFO [1;37mCamera [1;34mcamera.cpp:1215 [0mconfiguring streams: (0) 2064x1552-YUV420/Rec709
[0:20:14.770686758] [2376] [1;32m INFO [1;37mRPI [1;34mpisp.cpp:1483 [0mSensor: /base/axi/pcie@1000120000/rp1/i2c@88000/imx900@1a - Selected sensor format: 2064x1552-SRGGB10_1X10/RAW - Selected CFE format: 2064x1552-PC1R/RAW
[libx264 @ 0x5556128ed2b0] using cpu capabilities: ARMv8 NEON
[libx264 @ 0x5556128ed2b0] profile Constrained Baseline, level 5.0, 4:2:0, 8-bit
[libx264 @ 0x5556128ed2b0] 264 - core 164 r3108 31e19f9 - H.264/MPEG-4 AVC codec - Copyleft 2003-2023 - http://www.videolan.org/x264.html - options: cabac=0 ref=1 deblock=0:0:0 analyse=0:0 me=dia subme=0 psy=1 psy_rd=1.00:0.00 mixed_ref=0 me_range=16 chroma_me=1 trellis=0 8x8dct=0 cqm=0 deadzone=21,11 fast_pskip=1 chroma_qp_offset=0 threads=2 lookahead_threads=2 sliced_threads=1 slices=2 nr=0 decimate=1 interlaced=0 bluray_compat=0 constrained_intra=0 bframes=0 weightp=0 keyint=30 keyint_min=16 scenecut=0 intra_refresh=0 rc_lookahead=0 rc=cbr mbtree=0 bitrate=4000 ratetol=1.0 qcomp=0.60 qpmin=0 qpmax=69 qpstep=4 vbv_maxrate=4000 vbv_bufsize=2000 nal_hrd=cbr filler=1 ip_ratio=1.40 aq=0
[0:20:14.785042534] [2375] [1;32m INFO [1;37mCamera [1;34mcamera.cpp:1215 [0mconfiguring streams: (0) 2064x1552-YUV420/Rec709
[0:20:14.785133810] [2376] [1;32m INFO [1;37mRPI [1;34mpisp.cpp:1483 [0mSensor: /base/axi/pcie@1000120000/rp1/i2c@70000/imx900@1a - Selected sensor format: 2064x1552-SRGGB10_1X10/RAW - Selected CFE format: 2064x1552-PC1R/RAW
[0:20:14.785662670] [2375] [1;32m INFO [1;37mCamera [1;34mcamera.cpp:1215 [0mconfiguring streams: (0) 2064x1552-YUV420/Rec709
[0:20:14.785720983] [2376] [1;32m INFO [1;37mRPI [1;34mpisp.cpp:1483 [0mSensor: /base/axi/pcie@1000120000/rp1/i2c@70000/imx900@1a - Selected sensor format: 2064x1552-SRGGB10_1X10/RAW - Selected CFE format: 2064x1552-PC1R/RAW
[libx264 @ 0x555612a81270] using cpu capabilities: ARMv8 NEON
[libx264 @ 0x555612a81270] profile Constrained Baseline, level 5.0, 4:2:0, 8-bit
[libx264 @ 0x555612a81270] 264 - core 164 r3108 31e19f9 - H.264/MPEG-4 AVC codec - Copyleft 2003-2023 - http://www.videolan.org/x264.html - options: cabac=0 ref=1 deblock=0:0:0 analyse=0:0 me=dia subme=0 psy=1 psy_rd=1.00:0.00 mixed_ref=0 me_range=16 chroma_me=1 trellis=0 8x8dct=0 cqm=0 deadzone=21,11 fast_pskip=1 chroma_qp_offset=0 threads=2 lookahead_threads=2 sliced_threads=1 slices=2 nr=0 decimate=1 interlaced=0 bluray_compat=0 constrained_intra=0 bframes=0 weightp=0 keyint=30 keyint_min=16 scenecut=0 intra_refresh=0 rc_lookahead=0 rc=cbr mbtree=0 bitrate=4000 ratetol=1.0 qcomp=0.60 qpmin=0 qpmax=69 qpstep=4 vbv_maxrate=4000 vbv_bufsize=2000 nal_hrd=cbr filler=1 ip_ratio=1.40 aq=0
[mpegts @ 0x7ffed00090f0] Stream 2, codec bin_data, is muxed as a private data stream and may not be recognized upon reading.
[libx264 @ 0x5556128ed2b0] frame I:58    Avg QP:29.24  size:123456
[libx264 @ 0x5556128ed2b0] frame P:1671  Avg QP:22.81  size: 12981
[libx264 @ 0x5556128ed2b0] mb I  I16..4: 100.0%  0.0%  0.0%
[libx264 @ 0x5556128ed2b0] mb P  I16..4:  1.8%  0.0%  0.0%  P16..4: 22.5%  0.0%  0.0%  0.0%  0.0%    skip:75.6%
[libx264 @ 0x5556128ed2b0] coded y,uvDC,uvAC intra: 25.0% 37.0% 9.8% inter: 4.9% 11.9% 1.0%
[libx264 @ 0x5556128ed2b0] i16 v,h,dc,p: 50% 20% 12% 18%
[libx264 @ 0x5556128ed2b0] i8c dc,h,v,p: 54% 17% 23%  6%
[libx264 @ 0x5556128ed2b0] kb/s:4004.91
[libx264 @ 0x555612a81270] frame I:58    Avg QP:31.98  size:123796
[libx264 @ 0x555612a81270] frame P:1675  Avg QP:24.84  size: 12942
[libx264 @ 0x555612a81270] mb I  I16..4: 100.0%  0.0%  0.0%
[libx264 @ 0x555612a81270] mb P  I16..4:  1.1%  0.0%  0.0%  P16..4: 19.8%  0.0%  0.0%  0.0%  0.0%    skip:79.0%
[libx264 @ 0x555612a81270] coded y,uvDC,uvAC intra: 30.0% 34.1% 6.6% inter: 5.2% 8.6% 0.6%
[libx264 @ 0x555612a81270] i16 v,h,dc,p: 43% 21% 16% 19%
[libx264 @ 0x555612a81270] i8c dc,h,v,p: 58% 15% 21%  6%
[libx264 @ 0x555612a81270] kb/s:3996.54
