[0:56:16.661338385] [5419] [1;32m INFO [1;37mCamera [1;34mcamera_manager.cpp:330 [0mlibcamera v0.5.2+102-160625a1
[0:56:16.672611768] [5420] [1;32m INFO [1;37mRPI [1;34mpisp.cpp:720 [0mlibpisp version v1.2.1 981977ff21f3 25-09-2026 (18:17:24)
[0:56:16.676544197] [5420] [1;32m INFO [1;37mIPAProxy [1;34mipa_proxy.cpp:180 [0mUsing tuning file /usr/local/share/libcamera/ipa/rpi/pisp/fr_imx900.json
[0:56:16.689575296] [5420] [1;32m INFO [1;37mCamera [1;34mcamera_manager.cpp:220 [0mAdding camera '/base/axi/pcie@1000120000/rp1/i2c@88000/imx900@1a' for pipeline handler rpi/pisp
[0:56:16.689610185] [5420] [1;32m INFO [1;37mRPI [1;34mpisp.cpp:1179 [0mRegistered camera /base/axi/pcie@1000120000/rp1/i2c@88000/imx900@1a to CFE device /dev/media0 and ISP device /dev/media2 using PiSP variant BCM2712_D0
[0:56:16.689655296] [5420] [1;32m INFO [1;37mRPI [1;34mpisp.cpp:720 [0mlibpisp version v1.2.1 981977ff21f3 25-09-2026 (18:17:24)
[0:56:16.691173401] [5420] [1;32m INFO [1;37mIPAProxy [1;34mipa_proxy.cpp:180 [0mUsing tuning file /usr/local/share/libcamera/ipa/rpi/pisp/fr_imx900.json
[0:56:16.704208166] [5420] [1;32m INFO [1;37mCamera [1;34mcamera_manager.cpp:220 [0mAdding camera '/base/axi/pcie@1000120000/rp1/i2c@70000/imx900@1a' for pipeline handler rpi/pisp
[0:56:16.704242666] [5420] [1;32m INFO [1;37mRPI [1;34mpisp.cpp:1179 [0mRegistered camera /base/axi/pcie@1000120000/rp1/i2c@70000/imx900@1a to CFE device /dev/media1 and ISP device /dev/media4 using PiSP variant BCM2712_D0
[0:56:16.705001775] [5419] [1;32m INFO [1;37mCamera [1;34mcamera.cpp:1215 [0mconfiguring streams: (0) 2064x1552-YUV420/Rec709
[0:56:16.705113663] [5420] [1;32m INFO [1;37mRPI [1;34mpisp.cpp:1483 [0mSensor: /base/axi/pcie@1000120000/rp1/i2c@88000/imx900@1a - Selected sensor format: 2064x1552-SRGGB10_1X10/RAW - Selected CFE format: 2064x1552-PC1R/RAW
[0:56:16.705919104] [5419] [1;32m INFO [1;37mCamera [1;34mcamera.cpp:1215 [0mconfiguring streams: (0) 2064x1552-YUV420/Rec709
[0:56:16.705983697] [5420] [1;32m INFO [1;37mRPI [1;34mpisp.cpp:1483 [0mSensor: /base/axi/pcie@1000120000/rp1/i2c@88000/imx900@1a - Selected sensor format: 2064x1552-SRGGB10_1X10/RAW - Selected CFE format: 2064x1552-PC1R/RAW
[libx264 @ 0x5555ef379260] using cpu capabilities: ARMv8 NEON
[libx264 @ 0x5555ef379260] profile Constrained Baseline, level 5.0, 4:2:0, 8-bit
[libx264 @ 0x5555ef379260] 264 - core 164 r3108 31e19f9 - H.264/MPEG-4 AVC codec - Copyleft 2003-2023 - http://www.videolan.org/x264.html - options: cabac=0 ref=1 deblock=0:0:0 analyse=0:0 me=dia subme=0 psy=1 psy_rd=1.00:0.00 mixed_ref=0 me_range=16 chroma_me=1 trellis=0 8x8dct=0 cqm=0 deadzone=21,11 fast_pskip=1 chroma_qp_offset=0 threads=3 lookahead_threads=3 sliced_threads=1 slices=3 nr=0 decimate=1 interlaced=0 bluray_compat=0 constrained_intra=0 bframes=0 weightp=0 keyint=30 keyint_min=16 scenecut=0 intra_refresh=0 rc_lookahead=0 rc=cbr mbtree=0 bitrate=4000 ratetol=1.0 qcomp=0.60 qpmin=0 qpmax=69 qpstep=4 vbv_maxrate=4000 vbv_bufsize=2000 nal_hrd=cbr filler=1 ip_ratio=1.40 aq=0
[0:56:16.720400846] [5419] [1;32m INFO [1;37mCamera [1;34mcamera.cpp:1215 [0mconfiguring streams: (0) 2064x1552-YUV420/Rec709
[0:56:16.720484568] [5420] [1;32m INFO [1;37mRPI [1;34mpisp.cpp:1483 [0mSensor: /base/axi/pcie@1000120000/rp1/i2c@70000/imx900@1a - Selected sensor format: 2064x1552-SRGGB10_1X10/RAW - Selected CFE format: 2064x1552-PC1R/RAW
[0:56:16.721000806] [5419] [1;32m INFO [1;37mCamera [1;34mcamera.cpp:1215 [0mconfiguring streams: (0) 2064x1552-YUV420/Rec709
[0:56:16.721055899] [5420] [1;32m INFO [1;37mRPI [1;34mpisp.cpp:1483 [0mSensor: /base/axi/pcie@1000120000/rp1/i2c@70000/imx900@1a - Selected sensor format: 2064x1552-SRGGB10_1X10/RAW - Selected CFE format: 2064x1552-PC1R/RAW
[libx264 @ 0x5555ef535ab0] using cpu capabilities: ARMv8 NEON
[libx264 @ 0x5555ef535ab0] profile Constrained Baseline, level 5.0, 4:2:0, 8-bit
[libx264 @ 0x5555ef535ab0] 264 - core 164 r3108 31e19f9 - H.264/MPEG-4 AVC codec - Copyleft 2003-2023 - http://www.videolan.org/x264.html - options: cabac=0 ref=1 deblock=0:0:0 analyse=0:0 me=dia subme=0 psy=1 psy_rd=1.00:0.00 mixed_ref=0 me_range=16 chroma_me=1 trellis=0 8x8dct=0 cqm=0 deadzone=21,11 fast_pskip=1 chroma_qp_offset=0 threads=3 lookahead_threads=3 sliced_threads=1 slices=3 nr=0 decimate=1 interlaced=0 bluray_compat=0 constrained_intra=0 bframes=0 weightp=0 keyint=30 keyint_min=16 scenecut=0 intra_refresh=0 rc_lookahead=0 rc=cbr mbtree=0 bitrate=4000 ratetol=1.0 qcomp=0.60 qpmin=0 qpmax=69 qpstep=4 vbv_maxrate=4000 vbv_bufsize=2000 nal_hrd=cbr filler=1 ip_ratio=1.40 aq=0
[mpegts @ 0x7ffe9c0090f0] Stream 2, codec bin_data, is muxed as a private data stream and may not be recognized upon reading.
[libx264 @ 0x5555ef379260] frame I:59    Avg QP:29.14  size:123271
[libx264 @ 0x5555ef379260] frame P:1700  Avg QP:22.65  size: 12990
[libx264 @ 0x5555ef379260] mb I  I16..4: 100.0%  0.0%  0.0%
[libx264 @ 0x5555ef379260] mb P  I16..4:  1.8%  0.0%  0.0%  P16..4: 22.2%  0.0%  0.0%  0.0%  0.0%    skip:76.0%
[libx264 @ 0x5555ef379260] coded y,uvDC,uvAC intra: 25.2% 36.5% 9.9% inter: 5.0% 11.5% 1.0%
[libx264 @ 0x5555ef379260] i16 v,h,dc,p: 50% 20% 12% 17%
[libx264 @ 0x5555ef379260] i8c dc,h,v,p: 56% 17% 22%  5%
[libx264 @ 0x5555ef379260] kb/s:4005.28
[libx264 @ 0x5555ef535ab0] frame I:59    Avg QP:32.22  size:121719
[libx264 @ 0x5555ef535ab0] frame P:1701  Avg QP:25.63  size: 13036
[libx264 @ 0x5555ef535ab0] mb I  I16..4: 100.0%  0.0%  0.0%
[libx264 @ 0x5555ef535ab0] mb P  I16..4:  1.1%  0.0%  0.0%  P16..4: 18.6%  0.0%  0.0%  0.0%  0.0%    skip:80.3%
[libx264 @ 0x5555ef535ab0] coded y,uvDC,uvAC intra: 31.2% 33.2% 6.5% inter: 5.1% 7.6% 0.5%
[libx264 @ 0x5555ef535ab0] i16 v,h,dc,p: 42% 21% 18% 19%
[libx264 @ 0x5555ef535ab0] i8c dc,h,v,p: 59% 15% 21%  5%
[libx264 @ 0x5555ef535ab0] kb/s:4003.10
