[1:17:24.797019863] [8392] [1;32m INFO [1;37mCamera [1;34mcamera_manager.cpp:330 [0mlibcamera v0.5.2+102-160625a1
[1:17:24.808312864] [8393] [1;32m INFO [1;37mRPI [1;34mpisp.cpp:720 [0mlibpisp version v1.2.1 981977ff21f3 25-09-2026 (18:17:24)
[1:17:24.812099871] [8393] [1;32m INFO [1;37mIPAProxy [1;34mipa_proxy.cpp:180 [0mUsing tuning file /usr/local/share/libcamera/ipa/rpi/pisp/fr_imx900.json
[1:17:24.825206330] [8393] [1;32m INFO [1;37mCamera [1;34mcamera_manager.cpp:220 [0mAdding camera '/base/axi/pcie@1000120000/rp1/i2c@88000/imx900@1a' for pipeline handler rpi/pisp
[1:17:24.825239274] [8393] [1;32m INFO [1;37mRPI [1;34mpisp.cpp:1179 [0mRegistered camera /base/axi/pcie@1000120000/rp1/i2c@88000/imx900@1a to CFE device /dev/media0 and ISP device /dev/media2 using PiSP variant BCM2712_D0
[1:17:24.825284810] [8393] [1;32m INFO [1;37mRPI [1;34mpisp.cpp:720 [0mlibpisp version v1.2.1 981977ff21f3 25-09-2026 (18:17:24)
[1:17:24.826793090] [8393] [1;32m INFO [1;37mIPAProxy [1;34mipa_proxy.cpp:180 [0mUsing tuning file /usr/local/share/libcamera/ipa/rpi/pisp/fr_imx900.json
[1:17:24.839654834] [8393] [1;32m INFO [1;37mCamera [1;34mcamera_manager.cpp:220 [0mAdding camera '/base/axi/pcie@1000120000/rp1/i2c@70000/imx900@1a' for pipeline handler rpi/pisp
[1:17:24.839685703] [8393] [1;32m INFO [1;37mRPI [1;34mpisp.cpp:1179 [0mRegistered camera /base/axi/pcie@1000120000/rp1/i2c@70000/imx900@1a to CFE device /dev/media1 and ISP device /dev/media4 using PiSP variant BCM2712_D0
[1:17:24.840485815] [8392] [1;32m INFO [1;37mCamera [1;34mcamera.cpp:1215 [0mconfiguring streams: (0) 2064x1552-YUV420/Rec709
[1:17:24.840608219] [8393] [1;32m INFO [1;37mRPI [1;34mpisp.cpp:1483 [0mSensor: /base/axi/pcie@1000120000/rp1/i2c@88000/imx900@1a - Selected sensor format: 2064x1552-SRGGB10_1X10/RAW - Selected CFE format: 2064x1552-PC1R/RAW
[1:17:24.841414164] [8392] [1;32m INFO [1;37mCamera [1;34mcamera.cpp:1215 [0mconfiguring streams: (0) 2064x1552-YUV420/Rec709
[1:17:24.841491403] [8393] [1;32m INFO [1;37mRPI [1;34mpisp.cpp:1483 [0mSensor: /base/axi/pcie@1000120000/rp1/i2c@88000/imx900@1a - Selected sensor format: 2064x1552-SRGGB10_1X10/RAW - Selected CFE format: 2064x1552-PC1R/RAW
[libx264 @ 0x5556409d1260] using cpu capabilities: ARMv8 NEON
[libx264 @ 0x5556409d1260] profile Constrained Baseline, level 5.0, 4:2:0, 8-bit
[libx264 @ 0x5556409d1260] 264 - core 164 r3108 31e19f9 - H.264/MPEG-4 AVC codec - Copyleft 2003-2023 - http://www.videolan.org/x264.html - options: cabac=0 ref=1 deblock=0:0:0 analyse=0:0 me=dia subme=0 psy=1 psy_rd=1.00:0.00 mixed_ref=0 me_range=16 chroma_me=1 trellis=0 8x8dct=0 cqm=0 deadzone=21,11 fast_pskip=1 chroma_qp_offset=0 threads=3 lookahead_threads=3 sliced_threads=1 slices=3 nr=0 decimate=1 interlaced=0 bluray_compat=0 constrained_intra=0 bframes=0 weightp=0 keyint=30 keyint_min=16 scenecut=0 intra_refresh=0 rc_lookahead=0 rc=cbr mbtree=0 bitrate=4000 ratetol=1.0 qcomp=0.60 qpmin=0 qpmax=69 qpstep=4 vbv_maxrate=4000 vbv_bufsize=2000 nal_hrd=cbr filler=1 ip_ratio=1.40 aq=0
[1:17:24.857257283] [8392] [1;32m INFO [1;37mCamera [1;34mcamera.cpp:1215 [0mconfiguring streams: (0) 2064x1552-YUV420/Rec709
[1:17:24.857359614] [8393] [1;32m INFO [1;37mRPI [1;34mpisp.cpp:1483 [0mSensor: /base/axi/pcie@1000120000/rp1/i2c@70000/imx900@1a - Selected sensor format: 2064x1552-SRGGB10_1X10/RAW - Selected CFE format: 2064x1552-PC1R/RAW
[1:17:24.857920065] [8392] [1;32m INFO [1;37mCamera [1;34mcamera.cpp:1215 [0mconfiguring streams: (0) 2064x1552-YUV420/Rec709
[1:17:24.857985563] [8393] [1;32m INFO [1;37mRPI [1;34mpisp.cpp:1483 [0mSensor: /base/axi/pcie@1000120000/rp1/i2c@70000/imx900@1a - Selected sensor format: 2064x1552-SRGGB10_1X10/RAW - Selected CFE format: 2064x1552-PC1R/RAW
[libx264 @ 0x555640b8dcb0] using cpu capabilities: ARMv8 NEON
[libx264 @ 0x555640b8dcb0] profile Constrained Baseline, level 5.0, 4:2:0, 8-bit
[libx264 @ 0x555640b8dcb0] 264 - core 164 r3108 31e19f9 - H.264/MPEG-4 AVC codec - Copyleft 2003-2023 - http://www.videolan.org/x264.html - options: cabac=0 ref=1 deblock=0:0:0 analyse=0:0 me=dia subme=0 psy=1 psy_rd=1.00:0.00 mixed_ref=0 me_range=16 chroma_me=1 trellis=0 8x8dct=0 cqm=0 deadzone=21,11 fast_pskip=1 chroma_qp_offset=0 threads=3 lookahead_threads=3 sliced_threads=1 slices=3 nr=0 decimate=1 interlaced=0 bluray_compat=0 constrained_intra=0 bframes=0 weightp=0 keyint=30 keyint_min=16 scenecut=0 intra_refresh=0 rc_lookahead=0 rc=cbr mbtree=0 bitrate=4000 ratetol=1.0 qcomp=0.60 qpmin=0 qpmax=69 qpstep=4 vbv_maxrate=4000 vbv_bufsize=2000 nal_hrd=cbr filler=1 ip_ratio=1.40 aq=0
[mpegts @ 0x7fff3c0090a0] Stream 2, codec bin_data, is muxed as a private data stream and may not be recognized upon reading.
[libx264 @ 0x5556409d1260] frame I:74    Avg QP:29.11  size:123485
[libx264 @ 0x5556409d1260] frame P:2132  Avg QP:22.70  size: 12988
[libx264 @ 0x5556409d1260] mb I  I16..4: 100.0%  0.0%  0.0%
[libx264 @ 0x5556409d1260] mb P  I16..4:  1.8%  0.0%  0.0%  P16..4: 22.8%  0.0%  0.0%  0.0%  0.0%    skip:75.4%
[libx264 @ 0x5556409d1260] coded y,uvDC,uvAC intra: 25.0% 36.8% 9.6% inter: 4.9% 12.1% 1.0%
[libx264 @ 0x5556409d1260] i16 v,h,dc,p: 50% 20% 13% 17%
[libx264 @ 0x5556409d1260] i8c dc,h,v,p: 55% 17% 23%  5%
[libx264 @ 0x5556409d1260] kb/s:4006.62
[libx264 @ 0x555640b8dcb0] frame I:74    Avg QP:31.97  size:122796
[libx264 @ 0x555640b8dcb0] frame P:2131  Avg QP:25.49  size: 13000
[libx264 @ 0x555640b8dcb0] mb I  I16..4: 100.0%  0.0%  0.0%
[libx264 @ 0x555640b8dcb0] mb P  I16..4:  1.0%  0.0%  0.0%  P16..4: 18.8%  0.0%  0.0%  0.0%  0.0%    skip:80.2%
[libx264 @ 0x555640b8dcb0] coded y,uvDC,uvAC intra: 31.3% 34.2% 6.8% inter: 5.2% 7.7% 0.4%
[libx264 @ 0x555640b8dcb0] i16 v,h,dc,p: 42% 21% 17% 20%
[libx264 @ 0x555640b8dcb0] i8c dc,h,v,p: 58% 15% 21%  6%
[libx264 @ 0x555640b8dcb0] kb/s:4004.45
